2702,2718d2701
<               - kind: clair
<                 managed: true
<                 overrides:
<                   replicas: 1
<                   resources:
<                     requests:
<                       cpu: "1"
<                       memory: 1Gi
<               - kind: quay
<                 managed: true
<                 overrides:
<                   replicas: 1
<                   resources:
<                     limits:
<                       memory: 4Gi
<                     requests:
<                       memory: 2Gi
